\BOOKMARK [0][-]{Doc-Start}{\376\377\000A\000c\000k\000n\000o\000w\000l\000e\000d\000g\000m\000e\000n\000t\000s}{}% 1
\BOOKMARK [0][-]{chapter*.1}{\376\377\000A\000b\000s\000t\000r\000a\000c\000t}{}% 2
\BOOKMARK [0][-]{chapter*.2}{\376\377\000L\000i\000s\000t\000\040\000o\000f\000\040\000A\000b\000b\000r\000e\000v\000i\000a\000t\000i\000o\000n\000s}{}% 3
\BOOKMARK [0][-]{chapter*.4}{\376\377\000L\000i\000s\000t\000\040\000o\000f\000\040\000F\000i\000g\000u\000r\000e\000s}{}% 4
\BOOKMARK [0][-]{chapter*.5}{\376\377\000L\000i\000s\000t\000\040\000o\000f\000\040\000T\000a\000b\000l\000e\000s}{}% 5
\BOOKMARK [0][-]{chapter.1}{\376\377\0001\000\040\000I\000n\000t\000r\000o\000d\000u\000c\000t\000i\000o\000n}{}% 6
\BOOKMARK [1][-]{section.1.1}{\376\377\0001\000.\0001\000\040\000B\000a\000c\000k\000g\000r\000o\000u\000n\000d\000\040\000a\000n\000d\000\040\000M\000o\000t\000i\000v\000a\000t\000i\000o\000n}{chapter.1}% 7
\BOOKMARK [1][-]{section.1.2}{\376\377\0001\000.\0002\000\040\000T\000h\000e\000s\000i\000s\000\040\000L\000a\000y\000o\000u\000t}{chapter.1}% 8
\BOOKMARK [0][-]{chapter.2}{\376\377\0002\000\040\000L\000i\000t\000e\000r\000a\000t\000u\000r\000e\000\040\000R\000e\000v\000i\000e\000w\000:}{}% 9
\BOOKMARK [1][-]{section.2.1}{\376\377\0002\000.\0001\000\040\000Q\000u\000a\000n\000t\000u\000m\000\040\000S\000t\000a\000t\000e\000s\000\040\000O\000f\000\040\000L\000i\000g\000h\000t}{chapter.2}% 10
\BOOKMARK [2][-]{subsection.2.1.1}{\376\377\0002\000.\0001\000.\0001\000\040\000C\000o\000n\000t\000i\000n\000i\000o\000u\000s\000\040\000V\000a\000r\000i\000a\000b\000l\000e\000\040\000S\000t\000a\000t\000e\000s}{section.2.1}% 11
\BOOKMARK [2][-]{subsection.2.1.2}{\376\377\0002\000.\0001\000.\0002\000\040\000G\000u\000a\000s\000s\000i\000a\000n\000\040\000S\000t\000a\000t\000e\000s}{section.2.1}% 12
\BOOKMARK [2][-]{subsection.2.1.3}{\376\377\0002\000.\0001\000.\0003\000\040\000S\000q\000u\000e\000e\000z\000e\000d\000\040\000S\000t\000a\000t\000e\000s}{section.2.1}% 13
\BOOKMARK [1][-]{section.2.2}{\376\377\0002\000.\0002\000\040\000C\000o\000v\000a\000r\000i\000a\000n\000c\000e\000\040\000M\000a\000t\000r\000i\000x}{chapter.2}% 14
\BOOKMARK [1][-]{section.2.3}{\376\377\0002\000.\0003\000\040\000O\000p\000t\000i\000c\000a\000l\000\040\000W\000a\000v\000e\000g\000u\000i\000d\000e\000s\000\040\000a\000s\000\040\000Q\000u\000a\000n\000t\000u\000m\000\040\000S\000y\000s\000t\000e\000m\000s}{chapter.2}% 15
\BOOKMARK [2][-]{subsection.2.3.1}{\376\377\0002\000.\0003\000.\0001\000\040\000E\000v\000a\000n\000s\000c\000e\000n\000t\000\040\000O\000v\000e\000r\000l\000a\000p\000/\000C\000o\000u\000p\000l\000e\000d\000\040\000M\000o\000d\000e\000\040\000T\000h\000e\000o\000r\000y}{section.2.3}% 16
\BOOKMARK [2][-]{subsection.2.3.2}{\376\377\0002\000.\0003\000.\0002\000\040\000L\000o\000s\000s\000\040\000a\000n\000d\000\040\000D\000e\000c\000o\000h\000e\000r\000e\000n\000c\000e\000\040\000I\000n\000\040\000R\000e\000a\000l\000\040\000W\000a\000v\000e\000g\000u\000i\000d\000e\000\040\000S\000y\000s\000t\000e\000m\000s}{section.2.3}% 17
\BOOKMARK [2][-]{subsection.2.3.3}{\376\377\0002\000.\0003\000.\0003\000\040\000R\000e\000l\000e\000v\000a\000n\000c\000e\000\040\000O\000f\000\040\000O\000p\000t\000i\000c\000a\000l\000\040\000W\000a\000v\000e\000g\000u\000i\000d\000e\000s\000\040\000F\000o\000r\000\040\000Q\000u\000a\000n\000t\000u\000m\000\040\000C\000i\000r\000c\000u\000i\000t\000s\000/\000P\000h\000o\000t\000o\000n\000i\000c\000s}{section.2.3}% 18
\BOOKMARK [1][-]{section.2.4}{\376\377\0002\000.\0004\000\040\000Q\000u\000a\000n\000t\000u\000m\000\040\000S\000t\000e\000e\000r\000i\000n\000g}{chapter.2}% 19
\BOOKMARK [2][-]{subsection.2.4.1}{\376\377\0002\000.\0004\000.\0001\000\040\000Q\000u\000a\000n\000t\000i\000f\000i\000c\000a\000t\000i\000o\000n\000\040\000O\000f\000\040\000Q\000u\000a\000n\000t\000u\000m\000\040\000S\000t\000e\000e\000r\000i\000n\000g\000\040\000U\000s\000i\000n\000g\000\040\000G\000a\000u\000s\000s\000i\000a\000n\000\040\000S\000t\000e\000e\000r\000i\000n\000g\000\040\000M\000e\000a\000s\000u\000r\000e}{section.2.4}% 20
\BOOKMARK [1][-]{section.2.5}{\376\377\0002\000.\0005\000\040\000E\000n\000t\000a\000n\000g\000l\000e\000m\000e\000n\000t\000\040\000I\000n\000\040\000C\000o\000n\000t\000i\000n\000i\000o\000u\000s\000\040\000V\000a\000r\000i\000a\000b\000l\000e\000\040\000S\000y\000s\000t\000e\000m\000s}{chapter.2}% 21
\BOOKMARK [2][-]{subsection.2.5.1}{\376\377\0002\000.\0005\000.\0001\000\040\000E\000n\000t\000a\000n\000g\000l\000e\000m\000e\000n\000t\000\040\000Q\000u\000a\000n\000t\000i\000f\000i\000c\000a\000t\000i\000o\000n\000\040\000M\000e\000a\000s\000u\000r\000e\000s}{section.2.5}% 22
\BOOKMARK [1][-]{section.2.6}{\376\377\0002\000.\0006\000\040\000L\000o\000s\000s\000\040\000a\000n\000d\000\040\000D\000e\000c\000o\000h\000e\000r\000e\000n\000c\000e}{chapter.2}% 23
\BOOKMARK [2][-]{subsection.2.6.1}{\376\377\0002\000.\0006\000.\0001\000\040\000L\000o\000s\000s\000\040\000\050\000D\000i\000s\000s\000i\000p\000a\000t\000i\000o\000n\000\051\000\040\000a\000n\000d\000\040\000P\000u\000r\000e\000\040\000D\000e\000c\000o\000h\000e\000r\000e\000n\000c\000e}{section.2.6}% 24
\BOOKMARK [2][-]{subsection.2.6.2}{\376\377\0002\000.\0006\000.\0002\000\040\000L\000o\000s\000s\000\040\000M\000e\000c\000h\000a\000n\000i\000s\000m\000\040\000I\000n\000\040\000W\000a\000v\000e\000g\000u\000i\000d\000e\000s}{section.2.6}% 25
\BOOKMARK [1][-]{section.2.7}{\376\377\0002\000.\0007\000\040\000A\000p\000p\000l\000i\000c\000a\000t\000i\000o\000n\000s\000\040\000a\000n\000d\000\040\000M\000o\000t\000i\000v\000a\000t\000i\000o\000n\000s}{chapter.2}% 26
\BOOKMARK [2][-]{subsection.2.7.1}{\376\377\0002\000.\0007\000.\0001\000\040\000A\000p\000p\000l\000i\000c\000a\000t\000i\000o\000n\000s\000\040\000o\000f\000\040\000Q\000u\000a\000n\000t\000u\000m\000\040\000E\000n\000t\000a\000n\000g\000l\000e\000m\000e\000n\000t}{section.2.7}% 27
\BOOKMARK [2][-]{subsection.2.7.2}{\376\377\0002\000.\0007\000.\0002\000\040\000A\000p\000p\000l\000i\000c\000a\000t\000i\000o\000n\000s\000\040\000O\000f\000\040\000Q\000u\000a\000n\000t\000u\000m\000\040\000S\000t\000e\000e\000r\000i\000n\000g}{section.2.7}% 28
\BOOKMARK [2][-]{subsection.2.7.3}{\376\377\0002\000.\0007\000.\0003\000\040\000A\000p\000p\000p\000l\000i\000c\000a\000t\000i\000o\000n\000s\000\040\000O\000f\000\040\000W\000a\000v\000e\000g\000u\000i\000d\000e\000s}{section.2.7}% 29
\BOOKMARK [0][-]{chapter.3}{\376\377\0003\000\040\000M\000o\000d\000e\000l\000\040\000S\000y\000s\000t\000e\000m\000\040\000a\000n\000d\000\040\000T\000h\000e\000o\000r\000e\000t\000i\000c\000a\000l\000\040\000F\000o\000r\000m\000u\000l\000a\000t\000i\000o\000n\000s}{}% 30
\BOOKMARK [1][-]{section.3.1}{\376\377\0003\000.\0001\000\040\000P\000h\000y\000s\000i\000c\000a\000l\000\040\000M\000o\000d\000e\000l\000\040\000a\000n\000d\000\040\000A\000s\000s\000u\000m\000p\000t\000i\000o\000n\000s}{chapter.3}% 31
\BOOKMARK [2][-]{subsection.3.1.1}{\376\377\0003\000.\0001\000.\0001\000\040\000P\000h\000y\000s\000i\000c\000a\000l\000\040\000S\000y\000s\000t\000e\000m\000\040\000C\000o\000n\000f\000i\000g\000u\000r\000a\000t\000i\000o\000n}{section.3.1}% 32
\BOOKMARK [1][-]{section.3.2}{\376\377\0003\000.\0002\000\040\000H\000a\000m\000i\000l\000t\000o\000n\000i\000a\000n\000\040\000D\000e\000s\000c\000r\000i\000p\000t\000i\000o\000n\000\040\000o\000f\000\040\000t\000h\000e\000\040\000C\000o\000u\000p\000l\000e\000d\000\040\000W\000a\000v\000e\000g\000u\000i\000d\000e\000\040\000S\000y\000s\000t\000e\000m}{chapter.3}% 33
\BOOKMARK [2][-]{subsection.3.2.1}{\376\377\0003\000.\0002\000.\0001\000\040\000S\000y\000s\000t\000e\000m\000\040\000H\000a\000m\000i\000l\000t\000o\000n\000i\000a\000n}{section.3.2}% 34
\BOOKMARK [2][-]{subsection.3.2.2}{\376\377\0003\000.\0002\000.\0002\000\040\000P\000h\000y\000s\000i\000c\000a\000l\000\040\000I\000n\000t\000e\000r\000p\000r\000e\000t\000a\000t\000i\000o\000n\000\040\000o\000f\000\040\000t\000h\000e\000\040\000C\000o\000u\000p\000l\000i\000n\000g}{section.3.2}% 35
\BOOKMARK [1][-]{section.3.3}{\376\377\0003\000.\0003\000\040\000O\000p\000e\000n\000-\000S\000y\000s\000t\000e\000m\000\040\000D\000y\000n\000a\000m\000i\000c\000s\000\040\000a\000n\000d\000\040\000L\000o\000s\000s\000\040\000M\000o\000d\000e\000l\000l\000i\000n\000g}{chapter.3}% 36
\BOOKMARK [2][-]{subsection.3.3.1}{\376\377\0003\000.\0003\000.\0001\000\040\000Q\000u\000a\000n\000t\000u\000m\000\040\000L\000i\000o\000u\000v\000i\000l\000l\000e\000\040\000\050\000M\000a\000s\000t\000e\000r\000\051\000\040\000E\000q\000u\000a\000t\000i\000o\000n}{section.3.3}% 37
\BOOKMARK [2][-]{subsection.3.3.2}{\376\377\0003\000.\0003\000.\0002\000\040\000L\000i\000n\000d\000b\000l\000a\000d\000\040\000O\000p\000e\000r\000a\000t\000o\000r\000s\000\040\000f\000o\000r\000\040\000W\000a\000v\000e\000g\000u\000i\000d\000e\000\040\000L\000o\000s\000s}{section.3.3}% 38
\BOOKMARK [1][-]{section.3.4}{\376\377\0003\000.\0004\000\040\000D\000y\000n\000a\000m\000i\000c\000a\000l\000\040\000E\000q\000u\000a\000t\000i\000o\000n\000s\000\040\000o\000f\000\040\000t\000h\000e\000\040\000M\000o\000d\000e\000l\000\040\000S\000y\000s\000t\000e\000m}{chapter.3}% 39
\BOOKMARK [2][-]{subsection.3.4.1}{\376\377\0003\000.\0004\000.\0001\000\040\000E\000x\000p\000e\000c\000t\000a\000t\000i\000o\000n\000-\000V\000a\000l\000u\000e\000\040\000F\000o\000r\000m\000a\000l\000i\000s\000m}{section.3.4}% 40
\BOOKMARK [2][-]{subsection.3.4.2}{\376\377\0003\000.\0004\000.\0002\000\040\000D\000e\000f\000i\000n\000i\000t\000i\000o\000n\000\040\000o\000f\000\040\000R\000e\000l\000e\000v\000a\000n\000t\000\040\000S\000e\000c\000o\000n\000d\000-\000O\000r\000d\000e\000r\000\040\000M\000o\000m\000e\000n\000t\000s}{section.3.4}% 41
\BOOKMARK [1][-]{section.3.5}{\376\377\0003\000.\0005\000\040\000M\000o\000m\000e\000n\000t\000\040\000E\000q\000u\000a\000t\000i\000o\000n\000s\000\040\000o\000f\000\040\000M\000o\000t\000i\000o\000n}{chapter.3}% 42
\BOOKMARK [2][-]{subsection.3.5.1}{\376\377\0003\000.\0005\000.\0001\000\040\000C\000o\000u\000p\000l\000e\000d\000\040\000D\000i\000f\000f\000e\000r\000e\000n\000t\000i\000a\000l\000\040\000E\000q\000u\000a\000t\000i\000o\000n\000s}{section.3.5}% 43
\BOOKMARK [2][-]{subsection.3.5.2}{\376\377\0003\000.\0005\000.\0002\000\040\000R\000e\000d\000u\000c\000t\000i\000o\000n\000\040\000o\000f\000\040\000I\000n\000d\000e\000p\000e\000n\000d\000e\000n\000t\000\040\000V\000a\000r\000i\000a\000b\000l\000e\000s}{section.3.5}% 44
\BOOKMARK [1][-]{section.3.6}{\376\377\0003\000.\0006\000\040\000A\000n\000a\000l\000y\000t\000i\000c\000a\000l\000\040\000S\000o\000l\000u\000t\000i\000o\000n\000s\000\040\000o\000f\000\040\000t\000h\000e\000\040\000M\000o\000m\000e\000n\000t\000\040\000E\000q\000u\000a\000t\000i\000o\000n\000s}{chapter.3}% 45
\BOOKMARK [2][-]{subsection.3.6.1}{\376\377\0003\000.\0006\000.\0001\000\040\000E\000q\000u\000a\000l\000-\000L\000o\000s\000s\000\040\000A\000p\000p\000r\000o\000x\000i\000m\000a\000t\000i\000o\000n}{section.3.6}% 46
\BOOKMARK [2][-]{subsection.3.6.2}{\376\377\0003\000.\0006\000.\0002\000\040\000G\000e\000n\000e\000r\000a\000l\000\040\000A\000n\000a\000l\000y\000t\000i\000c\000a\000l\000\040\000S\000o\000l\000u\000t\000i\000o\000n\000s}{section.3.6}% 47
\BOOKMARK [2][-]{subsection.3.6.3}{\376\377\0003\000.\0006\000.\0003\000\040\000S\000p\000e\000c\000i\000a\000l\000\040\000C\000a\000s\000e\000:\000\040\000I\000n\000d\000e\000p\000e\000n\000d\000e\000n\000t\000l\000y\000\040\000P\000r\000e\000p\000a\000r\000e\000d\000\040\000I\000n\000p\000u\000t\000\040\000M\000o\000d\000e\000s}{section.3.6}% 48
\BOOKMARK [2][-]{subsection.3.6.4}{\376\377\0003\000.\0006\000.\0004\000\040\000C\000o\000m\000p\000a\000c\000t\000\040\000R\000e\000p\000r\000e\000s\000e\000n\000t\000a\000t\000i\000o\000n\000\040\000U\000s\000i\000n\000g\000\040\000G\000a\000u\000s\000s\000i\000a\000n\000\040\000M\000o\000m\000e\000n\000t\000s}{section.3.6}% 49
\BOOKMARK [1][-]{section.3.7}{\376\377\0003\000.\0007\000\040\000C\000o\000v\000a\000r\000i\000a\000n\000c\000e\000\040\000M\000a\000t\000r\000i\000x\000\040\000a\000n\000d\000\040\000Q\000u\000a\000n\000t\000i\000f\000i\000c\000a\000t\000i\000o\000n\000\040\000o\000f\000\040\000Q\000u\000a\000n\000t\000u\000m\000\040\000S\000t\000e\000e\000r\000i\000n\000g\000\040\000a\000n\000d\000\040\000E\000n\000t\000a\000n\000g\000l\000e\000m\000e\000n\000t}{chapter.3}% 50
\BOOKMARK [2][-]{subsubsection.3.7.0.1}{\376\377\0003\000.\0007\000.\0000\000.\0001\000\040\000C\000o\000v\000a\000r\000i\000a\000n\000c\000e\000\040\000M\000a\000t\000r\000i\000x\000\040\000o\000f\000\040\000t\000h\000e\000\040\000T\000w\000o\000-\000M\000o\000d\000e\000\040\000S\000y\000s\000t\000e\000m}{section.3.7}% 51
\BOOKMARK [1][-]{section.3.8}{\376\377\0003\000.\0008\000\040\000G\000a\000u\000s\000s\000i\000a\000n\000\040\000Q\000u\000a\000n\000t\000u\000m\000\040\000S\000t\000e\000e\000r\000i\000n\000g}{chapter.3}% 52
\BOOKMARK [2][-]{subsection.3.8.1}{\376\377\0003\000.\0008\000.\0001\000\040\000G\000a\000u\000s\000s\000i\000a\000n\000\040\000E\000n\000t\000a\000n\000g\000l\000e\000m\000e\000n\000t}{section.3.8}% 53
\BOOKMARK [2][-]{subsection.3.8.2}{\376\377\0003\000.\0008\000.\0002\000\040\000R\000e\000l\000a\000t\000i\000o\000n\000\040\000B\000e\000t\000w\000e\000e\000n\000\040\000E\000n\000t\000a\000n\000g\000l\000e\000m\000e\000n\000t\000\040\000a\000n\000d\000\040\000S\000t\000e\000e\000r\000i\000n\000g}{section.3.8}% 54
\BOOKMARK [1][-]{section.3.9}{\376\377\0003\000.\0009\000\040\000s\000q\000u\000e\000e\000z\000e\000d\000\040\000s\000t\000a\000t\000e\000s}{chapter.3}% 55
\BOOKMARK [2][-]{subsection.3.9.1}{\376\377\0003\000.\0009\000.\0001\000\040\000S\000q\000u\000e\000e\000z\000e\000d\000\040\000c\000o\000v\000a\000r\000i\000a\000n\000c\000e\000\040\000m\000a\000t\000r\000i\000x}{section.3.9}% 56
\BOOKMARK [0][-]{chapter.4}{\376\377\0004\000\040\000R\000e\000s\000u\000l\000t\000s\000\040\000a\000n\000d\000\040\000d\000i\000s\000c\000u\000s\000s\000i\000o\000n}{}% 57
\BOOKMARK [1][-]{section.4.1}{\376\377\0004\000.\0001\000\040\000T\000i\000m\000e\000\040\000E\000v\000o\000l\000u\000t\000i\000o\000n\000\040\000o\000f\000\040\000G\000a\000u\000s\000s\000i\000a\000n\000\040\000S\000t\000e\000e\000r\000i\000n\000g\000\040\000a\000n\000d\000\040\000E\000n\000t\000a\000n\000g\000l\000e\000m\000e\000n\000t}{chapter.4}% 58
\BOOKMARK [1][-]{section.4.2}{\376\377\0004\000.\0002\000\040\000E\000f\000f\000e\000c\000t\000\040\000o\000f\000\040\000N\000o\000n\000c\000l\000a\000s\000s\000i\000c\000a\000l\000\040\000D\000e\000p\000t\000h\000\040}{chapter.4}% 59
\BOOKMARK [1][-]{section.4.3}{\376\377\0004\000.\0003\000\040\000E\000f\000f\000e\000c\000t\000\040\000o\000f\000\040\000P\000u\000r\000i\000t\000y\000\040}{chapter.4}% 60
\BOOKMARK [1][-]{section.4.4}{\376\377\0004\000.\0004\000\040\000E\000f\000f\000e\000c\000t\000\040\000o\000f\000\040\000L\000o\000s\000s\000\040\000P\000a\000r\000a\000m\000e\000t\000e\000r\000\040}{chapter.4}% 61
\BOOKMARK [1][-]{section.4.5}{\376\377\0004\000.\0005\000\040\000G\000a\000u\000s\000s\000i\000a\000n\000\040\000S\000t\000e\000e\000r\000i\000n\000g\000\040\000a\000n\000d\000\040\000E\000n\000t\000a\000n\000g\000l\000e\000m\000e\000n\000t\000\040\000i\000n\000\040\000S\000q\000u\000e\000e\000z\000e\000d\000\040\000S\000t\000a\000t\000e\000s}{chapter.4}% 62
\BOOKMARK [2][-]{subsection.4.5.1}{\376\377\0004\000.\0005\000.\0001\000\040\000E\000f\000f\000e\000c\000t\000\040\000o\000f\000\040\000l\000o\000s\000s\000\040\000o\000n\000\040\000s\000q\000u\000e\000e\000z\000e\000d\000\040\000s\000t\000a\000t\000e\000s}{section.4.5}% 63
\BOOKMARK [1][-]{section.4.6}{\376\377\0004\000.\0006\000\040\000E\000f\000f\000e\000c\000t\000\040\000o\000f\000\040\000c\000o\000u\000p\000l\000i\000n\000g\000\040\000s\000t\000r\000e\000n\000g\000t\000h}{chapter.4}% 64
\BOOKMARK [1][-]{section.4.7}{\376\377\0004\000.\0007\000\040\000S\000u\000m\000m\000a\000r\000y}{chapter.4}% 65
\BOOKMARK [0][-]{chapter.5}{\376\377\0005\000\040\000C\000o\000n\000c\000l\000u\000s\000i\000o\000n}{}% 66
\BOOKMARK [0][-]{chapter.6}{\376\377\0006\000\040\000C\000o\000n\000c\000l\000u\000s\000i\000o\000n\000s}{}% 67
\BOOKMARK [0][-]{chapter.7}{\376\377\0007\000\040\000M\000o\000d\000e\000l\000\040\000S\000y\000s\000t\000e\000m\000\040\000a\000n\000d\000\040\000T\000h\000e\000o\000r\000e\000t\000i\000c\000a\000l\000\040\000F\000o\000r\000m\000u\000l\000a\000t\000i\000o\000n\000s}{}% 68
\BOOKMARK [1][-]{section.7.1}{\376\377\0007\000.\0001\000\040\000p\000h\000y\000s\000i\000c\000a\000l\000\040\000s\000y\000s\000t\000e\000m\000\040\000c\000o\000n\000f\000i\000g\000u\000r\000a\000t\000i\000o\000n}{chapter.7}% 69
\BOOKMARK [2][-]{subsection.7.1.1}{\376\377\0007\000.\0001\000.\0001\000\040\000s\000y\000s\000t\000e\000m\000\040\000H\000a\000m\000i\000l\000t\000o\000n\000i\000a\000n}{section.7.1}% 70
\BOOKMARK [1][-]{section.7.2}{\376\377\0007\000.\0002\000\040\000D\000y\000n\000a\000m\000i\000c\000a\000l\000\040\000e\000q\000u\000a\000t\000i\000o\000n\000s\000\040\000o\000f\000\040\000t\000h\000e\000\040\000m\000o\000d\000e\000l\000\040\000s\000y\000s\000t\000e\000m}{chapter.7}% 71
\BOOKMARK [2][-]{subsection.7.2.1}{\376\377\0007\000.\0002\000.\0001\000\040\000E\000q\000u\000a\000t\000i\000o\000n\000s\000\040\000o\000f\000\040\000m\000o\000t\000i\000o\000n\000\040\000f\000o\000r\000\040\000t\000h\000e\000\040\000m\000o\000m\000e\000n\000t\000s}{section.7.2}% 72
\BOOKMARK [2][-]{subsection.7.2.2}{\376\377\0007\000.\0002\000.\0002\000\040\000a\000n\000a\000l\000y\000t\000i\000c\000a\000l\000\040\000s\000o\000l\000u\000t\000i\000o\000n\000s\000\040\000o\000f\000\040\000t\000h\000e\000\040\000m\000o\000m\000e\000n\000t\000\040\000e\000q\000u\000a\000t\000i\000o\000n\000s}{section.7.2}% 73
\BOOKMARK [0][-]{chapter*.13}{\376\377\000R\000e\000f\000e\000r\000e\000n\000c\000e\000s}{}% 74
